Copyright (c) 1992-2016 The FreeBSD Project.
Copyright (c) 1979, 1980, 1983, 1986, 1988, 1989, 1991, 1992, 1993, 1994
	The Regents of the University of California. All rights reserved.
FreeBSD is a registered trademark of The FreeBSD Foundation.
FreeBSD 10.3-RELEASE-p17 #10 6da131e75c7(RELENG_2_3_3): Wed Mar  8 14:24:33 CST 2017
    root@ce23-amd64-builder:/builder/pfsense-233/tmp/obj/builder/pfsense-233/tmp/FreeBSD-src/sys/pfSense amd64
FreeBSD clang version 3.4.1 (tags/RELEASE_34/dot1-final 208032) 20140512
CPU: QEMU Virtual CPU version 1.0 (2395.37-MHz K8-class CPU)
  Origin="GenuineIntel"  Id=0x623  Family=0x6  Model=0x2  Stepping=3
  Features=0x783fbfd<FPU,DE,PSE,TSC,MSR,PAE,MCE,CX8,APIC,SEP,MTRR,PGE,MCA,CMOV,PAT,PSE36,MMX,FXSR,SSE,SSE2>
  Features2=0x80802001<SSE3,CX16,POPCNT,HV>
  AMD Features=0x20100800<SYSCALL,NX,LM>
  AMD Features2=0x1<LAHF>
Hypervisor: Origin = "KVMKVMKVM"
real memory  = 2147483648 (2048 MB)
avail memory = 2038538240 (1944 MB)
Event timer "LAPIC" quality 400
ACPI APIC Table: <BOCHS  BXPCAPIC>
random: <Software, Yarrow> initialized
ioapic0 <Version 1.1> irqs 0-23 on motherboard
wlan: mac acl policy registered
ipw_bss: You need to read the LICENSE file in /usr/share/doc/legal/intel_ipw/.
ipw_bss: If you agree with the license, set legal.intel_ipw.license_ack=1 in /boot/loader.conf.
module_register_init: MOD_LOAD (ipw_bss_fw, 0xffffffff80620930, 0) error 1
ipw_ibss: You need to read the LICENSE file in /usr/share/doc/legal/intel_ipw/.
ipw_ibss: If you agree with the license, set legal.intel_ipw.license_ack=1 in /boot/loader.conf.
module_register_init: MOD_LOAD (ipw_ibss_fw, 0xffffffff806209e0, 0) error 1
ipw_monitor: You need to read the LICENSE file in /usr/share/doc/legal/intel_ipw/.
ipw_monitor: If you agree with the license, set legal.intel_ipw.license_ack=1 in /boot/loader.conf.
module_register_init: MOD_LOAD (ipw_monitor_fw, 0xffffffff80620a90, 0) error 1
iwi_bss: You need to read the LICENSE file in /usr/share/doc/legal/intel_iwi/.
iwi_bss: If you agree with the license, set legal.intel_iwi.license_ack=1 in /boot/loader.conf.
module_register_init: MOD_LOAD (iwi_bss_fw, 0xffffffff80647c30, 0) error 1
iwi_ibss: You need to read the LICENSE file in /usr/share/doc/legal/intel_iwi/.
iwi_ibss: If you agree with the license, set legal.intel_iwi.license_ack=1 in /boot/loader.conf.
module_register_init: MOD_LOAD (iwi_ibss_fw, 0xffffffff80647ce0, 0) error 1
iwi_monitor: You need to read the LICENSE file in /usr/share/doc/legal/intel_iwi/.
iwi_monitor: If you agree with the license, set legal.intel_iwi.license_ack=1 in /boot/loader.conf.
module_register_init: MOD_LOAD (iwi_monitor_fw, 0xffffffff80647d90, 0) error 1
netmap: loaded module
kbd1 at kbdmux0
cryptosoft0: <software crypto> on motherboard
padlock0: No ACE support.
acpi0: <BOCHS BXPCRSDT> on motherboard
acpi0: Power Button (fixed)
cpu0: <ACPI CPU> on acpi0
atrtc0: <AT realtime clock> port 0x70-0x71,0x72-0x77 irq 8 on acpi0
Event timer "RTC" frequency 32768 Hz quality 0
hpet0: <High Precision Event Timer> iomem 0xfed00000-0xfed003ff on acpi0
Timecounter "HPET" frequency 100000000 Hz quality 950
Timecounter "ACPI-fast" frequency 3579545 Hz quality 900
acpi_timer0: <24-bit timer at 3.579545MHz> port 0xb008-0xb00b on acpi0
pcib0: <ACPI Host-PCI bridge> port 0xcf8-0xcff on acpi0
pci0: <ACPI PCI bus> on pcib0
isab0: <PCI-ISA bridge> at device 1.0 on pci0
isa0: <ISA bus> on isab0
atapci0: <Intel PIIX3 WDMA2 controller> port 0x1f0-0x1f7,0x3f6,0x170-0x177,0x376,0xc060-0xc06f at device 1.1 on pci0
ata0: <ATA channel> at channel 0 on atapci0
ata1: <ATA channel> at channel 1 on atapci0
uhci0: <Intel 82371SB (PIIX3) USB controller> port 0xc000-0xc01f irq 11 at device 1.2 on pci0
usbus0 on uhci0
pci0: <bridge> at device 1.3 (no driver attached)
vgapci0: <VGA-compatible display> mem 0xfc000000-0xfdffffff,0xfebf0000-0xfebf0fff at device 2.0 on pci0
vgapci0: Boot video device
virtio_pci0: <VirtIO PCI Network adapter> port 0xc020-0xc03f mem 0xfebf1000-0xfebf1fff irq 11 at device 3.0 on pci0
vtnet0: <VirtIO Networking Adapter> on virtio_pci0
vtnet0: Ethernet address: 50:01:00:01:00:00
001.000049 [ 427] vtnet_netmap_attach       max rings 1
vtnet0: netmap queues/slots: TX 1/1024, RX 1/1024
001.000050 [ 432] vtnet_netmap_attach       virtio attached txq=1, txd=1024 rxq=1, rxd=1024
virtio_pci1: <VirtIO PCI Network adapter> port 0xc040-0xc05f mem 0xfebf2000-0xfebf2fff irq 11 at device 4.0 on pci0
vtnet1: <VirtIO Networking Adapter> on virtio_pci1
vtnet1: Ethernet address: 50:01:00:01:00:01
001.000051 [ 427] vtnet_netmap_attach       max rings 1
vtnet1: netmap queues/slots: TX 1/1024, RX 1/1024
001.000052 [ 432] vtnet_netmap_attach       virtio attached txq=1, txd=1024 rxq=1, rxd=1024
atkbdc0: <Keyboard controller (i8042)> port 0x60,0x64 irq 1 on acpi0
atkbd0: <AT Keyboard> irq 1 on atkbdc0
kbd0 at atkbd0
atkbd0: [GIANT-LOCKED]
psm0: <PS/2 Mouse> irq 12 on atkbdc0
psm0: [GIANT-LOCKED]
psm0: model IntelliMouse Explorer, device ID 4
fdc0: <floppy drive controller> port 0x3f2-0x3f5,0x3f7 irq 6 drq 2 on acpi0
fdc0: does not respond
device_attach: fdc0 attach returned 6
ppc0: <Parallel port> port 0x378-0x37f irq 7 on acpi0
ppc0: Generic chipset (NIBBLE-only) in COMPATIBLE mode
ppbus0: <Parallel port bus> on ppc0
lpt0: <Printer> on ppbus0
lpt0: Interrupt-driven port
ppi0: <Parallel I/O> on ppbus0
uart0: <16550 or compatible> port 0x3f8-0x3ff irq 4 flags 0x10 on acpi0
uart0: console (115200,n,8,1)
orm0: <ISA Option ROM> at iomem 0xee800-0xeffff on isa0
sc0: <System console> at flags 0x100 on isa0
sc0: VGA <16 virtual consoles, flags=0x300>
vga0: <Generic ISA VGA> at port 0x3c0-0x3df iomem 0xa0000-0xbffff on isa0
attimer0: <AT timer> at port 0x40 on isa0
Timecounter "i8254" frequency 1193182 Hz quality 0
Event timer "i8254" frequency 1193182 Hz quality 100
fdc0: No FDOUT register!
Timecounters tick every 1.000 msec
usbus0: 12Mbps Full Speed USB v1.0
ugen0.1: <Intel> at usbus0
uhub0: <Intel UHCI root HUB, class 9/0, rev 1.00/1.00, addr 1> on usbus0
ada0 at ata0 bus 0 scbus0 target 0 lun 0
cd0 at ata1 bus 0 scbus1 target 0 lun 0
uhub0: 2 ports with 2 removable, self powered
cd0: <QEMU QEMU DVD-ROM 1.0> Removable CD-ROM SCSI device
cd0: Serial Number QM00003
cd0: 16.700MB/s transfers (WDMA2, ATAPI 12bytes, PIO 65534bytes)
cd0: Attempt to query device size failed: NOT READY, Medium not present
ada0: <QEMU HARDDISK 1.0> ATA-7 device
ada0: Serial Number QM00001
ada0: 16.700MB/s transfers (WDMA2, PIO 8192bytes)
ada0: 4096MB (8388608 512 byte sectors)
ada0: Previously was known as ad0
ugen0.2: <QEMU> at usbus0
uhid0: <QEMU QEMU USB Tablet, class 0/0, rev 1.00/0.00, addr 2> on usbus0
random: unblocking device.
Timecounter "TSC-low" frequency 1197684103 Hz quality 800
Trying to mount root from ufs:/dev/ufsid/5745adc5aff0029d [rw]...
vtnet0: link state changed to UP
pflog0: promiscuous mode enabled
