# dmidecode 2.2
SMBIOS 2.4 present.
74 structures occupying 2059 bytes.
Table at 0x000EE000.
Handle 0x0000
	DMI type 0, 24 bytes.
	BIOS Information
		Vendor: HP
		Version: D21
		Release Date: 01/24/2008
		Address: 0xF0000
		Runtime Size: 64 kB
		ROM Size: 4096 kB
		Characteristics:
			PCI is supported
			PNP is supported
			BIOS is upgradeable
			BIOS shadowing is allowed
			ESCD support is available
			Boot from CD is supported
			Selectable boot is supported
			EDD is supported
			5.25"/360 KB floppy services are supported (int 13h)
			5.25"/1.2 MB floppy services are supported (int 13h)
			3.5"/720 KB floppy services are supported (int 13h)
			Print screen service is supported (int 5h)
			8042 keyboard services are supported (int 9h)
			Serial services are supported (int 14h)
			Printer services are supported (int 17h)
			CGA/mono video services are supported (int 10h)
			ACPI is supported
			USB legacy is supported
			BIOS boot specification is supported
			Function key-initiated network boot is supported
Handle 0x0100
	DMI type 1, 27 bytes.
	System Information
		Manufacturer: HP
		Product Name: ProLiant ML350 G5
		Version: Not Specified
		Serial Number: GB8814HE7S      
		UUID: 34313236-3435-4742-3838-313448453753
		Wake-up Type: Power Switch
Handle 0x0300
	DMI type 3, 17 bytes.
	Chassis Information
		Manufacturer: HP
		Type: Tower
		Lock: Not Present
		Version: Not Specified
		Serial Number: GB8814HE7S      
		Asset Tag:                                 
		Boot-up State: Unknown
		Power Supply State: Unknown
		Thermal State: Unknown
		Security Status: Unknown
		OEM Information: 0x00000000
Handle 0x0400
	DMI type 4, 40 bytes.
	Processor Information
		Socket Designation: Proc 1
		Type: Central Processor
		Family: Xeon
		Manufacturer: Intel
		ID: 76 06 01 00 FF FB EB BF
		Signature: Type 0, Family 6, Model 17, Stepping 6
		Flags:
			FPU (Floating-point unit on-chip)
			VME (Virtual mode extension)
			DE (Debugging extension)
			PSE (Page size extension)
			TSC (Time stamp counter)
			MSR (Model specific registers)
			PAE (Physical address extension)
			MCE (Machine check exception)
			CX8 (CMPXCHG8 instruction supported)
			APIC (On-chip APIC hardware supported)
			SEP (Fast system call)
			MTRR (Memory type range registers)
			PGE (Page global enable)
			MCA (Machine check architecture)
			CMOV (Conditional move instruction supported)
			PAT (Page attribute table)
			PSE-36 (36-bit page size extension)
			CLFSH (CLFLUSH instruction supported)
			DS (Debug store)
			ACPI (ACPI supported)
			MMX (MMX technology supported)
			FXSR (Fast floating-point save and restore)
			SSE (Streaming SIMD extensions)
			SSE2 (Streaming SIMD extensions 2)
			SS (Self-snoop)
			HTT (Hyper-threading technology)
			TM (Thermal monitor supported)
			SBF (Signal break on FERR)
		Version: Not Specified
		Voltage: 1.4 V
		External Clock: 1333 MHz
		Max Speed: 4800 MHz
		Current Speed: 2333 MHz
		Status: Populated, Enabled
		Upgrade: ZIF Socket
		L1 Cache Handle: 0x0710
		L2 Cache Handle: 0x0720
		L3 Cache Handle: 0x0730
		Serial Number: Not Specified
		Asset Tag: Not Specified
		Part Number: Not Specified
Handle 0x0406
	DMI type 4, 40 bytes.
	Processor Information
		Socket Designation: Proc 2
		Type: Central Processor
		Family: Xeon
		Manufacturer: Intel
		ID: 00 00 00 00 00 00 00 00
		Signature: Type 0, Family 0, Model 0, Stepping 0
		Flags: None
		Version: Not Specified
		Voltage: 1.4 V
		External Clock: 200 MHz
		Max Speed: 4800 MHz
		Current Speed: Unknown
		Status: Unpopulated
		Upgrade: ZIF Socket
		L1 Cache Handle: 0x0716
		L2 Cache Handle: 0x0726
		L3 Cache Handle: 0x0736
		Serial Number: Not Specified
		Asset Tag: Not Specified
		Part Number: Not Specified
Handle 0x0710
	DMI type 7, 19 bytes.
	Cache Information
		Socket Designation: Processor 1 Internal L1 Cache
		Configuration: Enabled, Not Socketed, Level 1
		Operational Mode: Write Back
		Location: Internal
		Installed Size: 128 KB
		Maximum Size: 128 KB
		Supported SRAM Types:
			Burst
		Installed SRAM Type: Burst
		Speed: Unknown
		Error Correction Type: Single-bit ECC
		System Type: Data
		Associativity: 8-way Set-associative
Handle 0x0716
	DMI type 7, 19 bytes.
	Cache Information
		Socket Designation: Processor 2 Internal L1 Cache
		Configuration: Disabled, Not Socketed, Level 1
		Operational Mode: Unknown
		Location: Internal
		Installed Size: 0 KB
		Maximum Size: 128 KB
		Supported SRAM Types:
			Burst
		Installed SRAM Type: Burst
		Speed: Unknown
		Error Correction Type: Single-bit ECC
		System Type: Data
		Associativity: 8-way Set-associative
Handle 0x0720
	DMI type 7, 19 bytes.
	Cache Information
		Socket Designation: Processor 1 Internal L2 Cache
		Configuration: Enabled, Not Socketed, Level 2
		Operational Mode: Write Back
		Location: Internal
		Installed Size: 12288 KB
		Maximum Size: 16384 KB
		Supported SRAM Types:
			Burst
		Installed SRAM Type: Burst
		Speed: Unknown
		Error Correction Type: Single-bit ECC
		System Type: Unknown
		Associativity: 8-way Set-associative
Handle 0x0726
	DMI type 7, 19 bytes.
	Cache Information
		Socket Designation: Processor 2 Internal L2 Cache
		Configuration: Disabled, Not Socketed, Level 2
		Operational Mode: Unknown
		Location: Internal
		Installed Size: 0 KB
		Maximum Size: 16384 KB
		Supported SRAM Types:
			Burst
		Installed SRAM Type: Burst
		Speed: Unknown
		Error Correction Type: Single-bit ECC
		System Type: Unknown
		Associativity: 8-way Set-associative
Handle 0x0730
	DMI type 7, 19 bytes.
	Cache Information
		Socket Designation: Processor 1 Internal L3 Cache
		Configuration: Disabled, Not Socketed, Level 3
		Operational Mode: Unknown
		Location: Internal
		Installed Size: 0 KB
		Maximum Size: 8192 KB
		Supported SRAM Types:
			Burst
		Installed SRAM Type: Burst
		Speed: Unknown
		Error Correction Type: Single-bit ECC
		System Type: Unknown
		Associativity: Other
Handle 0x0736
	DMI type 7, 19 bytes.
	Cache Information
		Socket Designation: Processor 2 Internal L3 Cache
		Configuration: Disabled, Not Socketed, Level 3
		Operational Mode: Unknown
		Location: Internal
		Installed Size: 0 KB
		Maximum Size: 8192 KB
		Supported SRAM Types:
			Burst
		Installed SRAM Type: Burst
		Speed: Unknown
		Error Correction Type: Single-bit ECC
		System Type: Unknown
		Associativity: Other
Handle 0x0801
	DMI type 8, 9 bytes.
	Port Connector Information
		Internal Reference Designator: J16
		Internal Connector Type: Access Bus (USB)
		External Reference Designator: USB Port 1
		External Connector Type: Access Bus (USB)
		Port Type: USB
Handle 0x0802
	DMI type 8, 9 bytes.
	Port Connector Information
		Internal Reference Designator: J19
		Internal Connector Type: Access Bus (USB)
		External Reference Designator: USB Port 2
		External Connector Type: Access Bus (USB)
		Port Type: USB
Handle 0x0803
	DMI type 8, 9 bytes.
	Port Connector Information
		Internal Reference Designator: J69
		Internal Connector Type: Access Bus (USB)
		External Reference Designator: USB Port 3
		External Connector Type: Access Bus (USB)
		Port Type: USB
Handle 0x0804
	DMI type 8, 9 bytes.
	Port Connector Information
		Internal Reference Designator: J69
		Internal Connector Type: Access Bus (USB)
		External Reference Designator: USB Port 4
		External Connector Type: Access Bus (USB)
		Port Type: USB
Handle 0x0805
	DMI type 8, 9 bytes.
	Port Connector Information
		Internal Reference Designator: J02
		Internal Connector Type: Access Bus (USB)
		External Reference Designator: USB Port 5
		External Connector Type: Access Bus (USB)
		Port Type: USB
Handle 0x0806
	DMI type 8, 9 bytes.
	Port Connector Information
		Internal Reference Designator: J03
		Internal Connector Type: Access Bus (USB)
		External Reference Designator: USB Port 6
		External Connector Type: Access Bus (USB)
		Port Type: USB
Handle 0x0901
	DMI type 9, 13 bytes.
	System Slot Information
		Designation: PCI Slot 1  
		Type: 64-bit PCI-X
		Current Usage: Available
		Length: Long
		ID: 1
		Characteristics:
			3.3 V is provided
			PME signal is supported
Handle 0x0902
	DMI type 9, 13 bytes.
	System Slot Information
		Designation: PCI Slot 2  
		Type: 64-bit PCI-X
		Current Usage: Available
		Length: Long
		ID: 2
		Characteristics:
			3.3 V is provided
			PME signal is supported
Handle 0x0903
	DMI type 9, 13 bytes.
	System Slot Information
		Designation: PCI Slot 3  
		Type: 64-bit PCI-X
		Current Usage: Available
		Length: Long
		ID: 3
		Characteristics:
			3.3 V is provided
			PME signal is supported
Handle 0x0904
	DMI type 9, 13 bytes.
	System Slot Information
		Designation: PCI-E Slot 4
		Type: <OUT OF SPEC><OUT OF SPEC>
		Current Usage: Available
		Length: Long
		Characteristics:
			3.3 V is provided
			PME signal is supported
Handle 0x0905
	DMI type 9, 13 bytes.
	System Slot Information
		Designation: PCI-E Slot 5
		Type: <OUT OF SPEC><OUT OF SPEC>
		Current Usage: Available
		Length: Long
		Characteristics:
			3.3 V is provided
			PME signal is supported
Handle 0x0906
	DMI type 9, 13 bytes.
	System Slot Information
		Designation: PCI-E Slot 6
		Type: <OUT OF SPEC><OUT OF SPEC>
		Current Usage: Available
		Length: Long
		Characteristics:
			3.3 V is provided
			PME signal is supported
Handle 0x0B00
	DMI type 11, 5 bytes.
	OEM Strings
		String 1: Product ID: 412645-B21      
Handle 0x1000
	DMI type 16, 15 bytes.
	Physical Memory Array
		Location: System Board Or Motherboard
		Use: System Memory
		Error Correction Type: Single-bit ECC
		Maximum Capacity: 32 GB
		Error Information Handle: Not Provided
		Number Of Devices: 8
Handle 0x1100
	DMI type 17, 23 bytes.
	Memory Device
		Array Handle: 0x1000
		Error Information Handle: Not Provided
		Total Width: 72 bits
		Data Width: 64 bits
		Size: 512 MB
		Form Factor: <OUT OF SPEC>
		Set: 1
		Locator: DIMM 1A
		Bank Locator: Not Specified
		Type: <OUT OF SPEC>
		Type Detail: Synchronous
		Speed: 667 MHz (1.5 ns)
Handle 0x1101
	DMI type 17, 23 bytes.
	Memory Device
		Array Handle: 0x1000
		Error Information Handle: Not Provided
		Total Width: 72 bits
		Data Width: 64 bits
		Size: 1024 MB
		Form Factor: <OUT OF SPEC>
		Set: 2
		Locator: DIMM 2B
		Bank Locator: Not Specified
		Type: <OUT OF SPEC>
		Type Detail: Synchronous
		Speed: 667 MHz (1.5 ns)
Handle 0x1102
	DMI type 17, 23 bytes.
	Memory Device
		Array Handle: 0x1000
		Error Information Handle: Not Provided
		Total Width: 72 bits
		Data Width: 64 bits
		Size: 1024 MB
		Form Factor: <OUT OF SPEC>
		Set: 3
		Locator: DIMM 3C
		Bank Locator: Not Specified
		Type: <OUT OF SPEC>
		Type Detail: Synchronous
		Speed: 667 MHz (1.5 ns)
Handle 0x1103
	DMI type 17, 23 bytes.
	Memory Device
		Array Handle: 0x1000
		Error Information Handle: Not Provided
		Total Width: 72 bits
		Data Width: 64 bits
		Size: No Module Installed
		Form Factor: <OUT OF SPEC>
		Set: 4
		Locator: DIMM 4D
		Bank Locator: Not Specified
		Type: <OUT OF SPEC>
		Type Detail: Synchronous
		Speed: Unknown
Handle 0x1104
	DMI type 17, 23 bytes.
	Memory Device
		Array Handle: 0x1000
		Error Information Handle: Not Provided
		Total Width: 72 bits
		Data Width: 64 bits
		Size: 512 MB
		Form Factor: <OUT OF SPEC>
		Set: 1
		Locator: DIMM 5A
		Bank Locator: Not Specified
		Type: <OUT OF SPEC>
		Type Detail: Synchronous
		Speed: 667 MHz (1.5 ns)
Handle 0x1105
	DMI type 17, 23 bytes.
	Memory Device
		Array Handle: 0x1000
		Error Information Handle: Not Provided
		Total Width: 72 bits
		Data Width: 64 bits
		Size: 1024 MB
		Form Factor: <OUT OF SPEC>
		Set: 2
		Locator: DIMM 6B
		Bank Locator: Not Specified
		Type: <OUT OF SPEC>
		Type Detail: Synchronous
		Speed: 667 MHz (1.5 ns)
Handle 0x1106
	DMI type 17, 23 bytes.
	Memory Device
		Array Handle: 0x1000
		Error Information Handle: Not Provided
		Total Width: 72 bits
		Data Width: 64 bits
		Size: 1024 MB
		Form Factor: <OUT OF SPEC>
		Set: 3
		Locator: DIMM 7C
		Bank Locator: Not Specified
		Type: <OUT OF SPEC>
		Type Detail: Synchronous
		Speed: 667 MHz (1.5 ns)
Handle 0x1107
	DMI type 17, 23 bytes.
	Memory Device
		Array Handle: 0x1000
		Error Information Handle: Not Provided
		Total Width: 72 bits
		Data Width: 64 bits
		Size: No Module Installed
		Form Factor: <OUT OF SPEC>
		Set: 4
		Locator: DIMM 8D
		Bank Locator: Not Specified
		Type: <OUT OF SPEC>
		Type Detail: Synchronous
		Speed: Unknown
Handle 0x1300
	DMI type 19, 15 bytes.
	Memory Array Mapped Address
		Starting Address: 0x00000000000
		Ending Address: 0x0015FFFFFFF
		Range Size: 5632 MB
		Physical Array Handle: 0x1000
		Partition Width: 0
Handle 0x1400
	DMI type 20, 19 bytes.
	Memory Device Mapped Address
		Starting Address: 0x00000000000
		Ending Address: 0x0015FFFFFFF
		Range Size: 5632 MB
		Physical Device Handle: 0x1100
		Memory Array Mapped Address Handle: 0x1300
		Partition Row Position: 1
		Interleave Position: 1
		Interleaved Data Depth: Unknown
Handle 0x1401
	DMI type 20, 19 bytes.
	Memory Device Mapped Address
		Starting Address: 0x00000000000
		Ending Address: 0x0015FFFFFFF
		Range Size: 5632 MB
		Physical Device Handle: 0x1101
		Memory Array Mapped Address Handle: 0x1300
		Partition Row Position: 1
		Interleave Position: 1
		Interleaved Data Depth: Unknown
Handle 0x1402
	DMI type 20, 19 bytes.
	Memory Device Mapped Address
		Starting Address: 0x00000000000
		Ending Address: 0x0015FFFFFFF
		Range Size: 5632 MB
		Physical Device Handle: 0x1102
		Memory Array Mapped Address Handle: 0x1300
		Partition Row Position: 1
		Interleave Position: 1
		Interleaved Data Depth: Unknown
Handle 0x1403
	DMI type 20, 19 bytes.
	Memory Device Mapped Address
		Starting Address: 0x00000000000
		Ending Address: 0x000000003FF
		Range Size: 1 kB
		Physical Device Handle: 0x1103
		Memory Array Mapped Address Handle: 0x1300
		Partition Row Position: 1
		Interleave Position: 1
		Interleaved Data Depth: Unknown
Handle 0x1404
	DMI type 20, 19 bytes.
	Memory Device Mapped Address
		Starting Address: 0x00000000000
		Ending Address: 0x0015FFFFFFF
		Range Size: 5632 MB
		Physical Device Handle: 0x1104
		Memory Array Mapped Address Handle: 0x1300
		Partition Row Position: 1
		Interleave Position: 2
		Interleaved Data Depth: Unknown
Handle 0x1405
	DMI type 20, 19 bytes.
	Memory Device Mapped Address
		Starting Address: 0x00000000000
		Ending Address: 0x0015FFFFFFF
		Range Size: 5632 MB
		Physical Device Handle: 0x1105
		Memory Array Mapped Address Handle: 0x1300
		Partition Row Position: 1
		Interleave Position: 2
		Interleaved Data Depth: Unknown
Handle 0x1406
	DMI type 20, 19 bytes.
	Memory Device Mapped Address
		Starting Address: 0x00000000000
		Ending Address: 0x0015FFFFFFF
		Range Size: 5632 MB
		Physical Device Handle: 0x1106
		Memory Array Mapped Address Handle: 0x1300
		Partition Row Position: 1
		Interleave Position: 2
		Interleaved Data Depth: Unknown
Handle 0x1407
	DMI type 20, 19 bytes.
	Memory Device Mapped Address
		Starting Address: 0x00000000000
		Ending Address: 0x000000003FF
		Range Size: 1 kB
		Physical Device Handle: 0x1107
		Memory Array Mapped Address Handle: 0x1300
		Partition Row Position: 1
		Interleave Position: 2
		Interleaved Data Depth: Unknown
Handle 0x2000
	DMI type 32, 11 bytes.
	System Boot Information
		Status: No errors detected
Handle 0x2600
	DMI type 38, 18 bytes.
	IPMI Device Information
		Interface Type: KCS (Keyboard Control Style)
		Specification Version: 2.0
		I2C Slave Address: 0x10
		NV Storage Device: Not Present
		Base Address: 0x0000000000000CA2 (I/O)
		Register Spacing: Successive Byte Boundaries
Handle 0xC100
	DMI type 193, 7 bytes.
	OEM-specific Type
		Header And Data:
			C1 07 00 C1 01 01 02
		Strings:
			11/13/2007
			11/13/2007
Handle 0xC200
	DMI type 194, 5 bytes.
	OEM-specific Type
		Header And Data:
			C2 05 00 C2 01
Handle 0xC300
	DMI type 195, 5 bytes.
	OEM-specific Type
		Header And Data:
			C3 05 00 C3 01
		Strings:
			$0E110764
Handle 0xC400
	DMI type 196, 5 bytes.
	OEM-specific Type
		Header And Data:
			C4 05 00 C4 00
Handle 0xC500
	DMI type 197, 10 bytes.
	OEM-specific Type
		Header And Data:
			C5 0A 00 C5 00 04 00 01 FF 01
Handle 0xDF00
	DMI type 223, 7 bytes.
	OEM-specific Type
		Header And Data:
			DF 07 00 DF 66 46 70
Handle 0xC506
	DMI type 197, 10 bytes.
	OEM-specific Type
		Header And Data:
			C5 0A 06 C5 06 04 00 00 FF 02
Handle 0xD300
	DMI type 211, 7 bytes.
	OEM-specific Type
		Header And Data:
			D3 07 00 D3 00 04 4E
Handle 0xD306
	DMI type 211, 7 bytes.
	OEM-specific Type
		Header And Data:
			D3 07 06 D3 06 04 00
Handle 0xC600
	DMI type 198, 11 bytes.
	OEM-specific Type
		Header And Data:
			C6 0B 00 C6 17 00 00 01 3C 00 01
Handle 0xC700
	DMI type 199, 112 bytes.
	OEM-specific Type
		Header And Data:
			C7 70 00 C7 0B 06 00 00 08 20 19 01 76 06 01 00
			0B 06 00 00 08 20 19 01 76 06 01 00 04 04 00 00
			07 20 08 06 74 06 01 00 04 04 00 00 07 20 08 06
			74 06 01 00 B4 00 00 00 07 20 14 03 FB 06 00 00
			B4 00 00 00 07 20 14 03 FB 06 00 00 67 00 00 00
			07 20 26 03 F7 06 00 00 C9 00 00 00 07 20 26 03
			F6 06 00 00 02 00 00 00 05 20 15 12 64 0F 00 00
Handle 0xCD00
	DMI type 205, 22 bytes.
	OEM-specific Type
		Header And Data:
			CD 16 00 CD 01 01 46 41 54 78 00 00 E0 FF 00 00
			00 00 00 00 0D 00
Handle 0xCA00
	DMI type 202, 8 bytes.
	OEM-specific Type
		Header And Data:
			CA 08 00 CA 00 11 FF 01
Handle 0xCA01
	DMI type 202, 8 bytes.
	OEM-specific Type
		Header And Data:
			CA 08 01 CA 01 11 FF 02
Handle 0xCA02
	DMI type 202, 8 bytes.
	OEM-specific Type
		Header And Data:
			CA 08 02 CA 02 11 FF 03
Handle 0xCA03
	DMI type 202, 8 bytes.
	OEM-specific Type
		Header And Data:
			CA 08 03 CA 03 11 FF 04
Handle 0xCA04
	DMI type 202, 8 bytes.
	OEM-specific Type
		Header And Data:
			CA 08 04 CA 04 11 FF 05
Handle 0xCA05
	DMI type 202, 8 bytes.
	OEM-specific Type
		Header And Data:
			CA 08 05 CA 05 11 FF 06
Handle 0xCA06
	DMI type 202, 8 bytes.
	OEM-specific Type
		Header And Data:
			CA 08 06 CA 06 11 FF 07
Handle 0xCA07
	DMI type 202, 8 bytes.
	OEM-specific Type
		Header And Data:
			CA 08 07 CA 07 11 FF 08
Handle 0xD100
	DMI type 209, 12 bytes.
	OEM-specific Type
		Header And Data:
			D1 0C 00 D1 00 03 00 1F 29 62 C4 A4
Handle 0xD400
	DMI type 212, 24 bytes.
	OEM-specific Type
		Header And Data:
			D4 18 00 D4 24 43 52 55 00 F8 F6 FF 00 00 00 00
			00 40 00 00 00 00 00 00
Handle 0xD500
	DMI type 213, 28 bytes.
	OEM-specific Type
		Header And Data:
			D5 1C 00 D5 00 00 36 00 00 00 BF 1F 00 00 46 00
			00 00 00 00 00 00 00 00 00 00 00 00
Handle 0xD600
	DMI type 214, 44 bytes.
	OEM-specific Type
		Header And Data:
			D6 2C 00 D6 31 31 00 02 0E 20 00 00 13 20 00 00
			00 60 00 00 00 20 00 00 02 20 00 00 04 20 00 00
			06 20 00 00 0C 20 00 00 08 20 00 00
Handle 0xD700
	DMI type 215, 6 bytes.
	OEM-specific Type
		Header And Data:
			D7 06 00 D7 00 05
Handle 0xDB00
	DMI type 219, 8 bytes.
	OEM-specific Type
		Header And Data:
			DB 08 00 DB FF 00 00 00
Handle 0xDC00
	DMI type 218, 45 bytes.
	OEM-specific Type
		Header And Data:
			DA 2D 00 DC 00 00 00 00 00 00 00 00 00 00 00 00
			00 00 00 00 00 00 00 00 00 00 00 00 00 00 00 00
			00 00 00 00 00 00 00 00 00 00 00 00 00
Handle 0xDC01
	DMI type 220, 45 bytes.
	OEM-specific Type
		Header And Data:
			DC 2D 01 DC 08 00 00 C5 00 FF 01 00 C5 01 FF 02
			00 C5 02 FF 03 00 C5 03 FF 04 06 C5 02 FF 05 06
			C5 03 FF 06 06 C5 00 FF 07 06 C5 01 FF
Handle 0xDD00
	DMI type 221, 12 bytes.
	OEM-specific Type
		Header And Data:
			DD 0C 00 DD 00 03 00 1F 29 62 C4 A5
Handle 0x7F00
	DMI type 127, 4 bytes.
	End Of Table

